// Jest Snapshot v1, https://goo.gl/fbAQLP

exports[`Pages renders correctly Home page renders correctly 1`] = `
<div
  className="homeDiv"
>
  <div
    className="totalStonks"
  >
    <div
      className="logo"
    >
      <svg
        className="largeIcon"
        fill="currentColor"
        height="1em"
        stroke="currentColor"
        strokeWidth="0"
        style={
          Object {
            "color": undefined,
          }
        }
        viewBox="0 0 512 512"
        width="1em"
        xmlns="http://www.w3.org/2000/svg"
      >
        <path
          d="M23 23v466h466v-18H41v-82.184l85.854-57.234 70.023 70.022 65.133-260.536L387.28 203.7 455.07 95.73l19.317 11.858 6.102-71.1-60.644 37.616 19.884 12.207-59.01 93.99-130.732-65.366-62.865 251.462-57.98-57.978L41 367.184V23H23z"
        />
      </svg>
    </div>
    <div
      className="totalDetails"
    >
      <span
        className="totalText"
      >
        Total Stonks: 0
      </span>
    </div>
  </div>
  <div
    className="categoryCardContainer"
  >
    <span
      className="filterText"
    >
      Stonks by category
    </span>
    <ul
      className="categoryList"
    />
  </div>
</div>
`;
